// Vitest Snapshot v1, https://vitest.dev/guide/snapshot.html

exports[`CSS Variables > support ssr 1`] = `"<style data-rc-order=\\"prependQueue\\" data-rc-priority=\\"-999\\" data-token-hash=\\"apple\\" data-css-hash=\\"8y225z\\">.apple{--rc-primary-color:#1890ff;--rc-text-color:#333333;--rc-border-radius:2px;--rc-border-color:black;--rc-border-width:1px;--rc-line-height:1.5;--rc-primary-color-disabled:rgba(24, 144, 255, 0.5);}</style><style data-rc-order=\\"prependQueue\\" data-rc-priority=\\"-999\\" data-token-hash=\\"apple\\" data-css-hash=\\"16lqo6h\\">.apple.box{--rc-box-box-color:#5c21ff;}</style><style data-rc-order=\\"prependQueue\\" data-rc-priority=\\"0\\" data-token-hash=\\"302na3\\" data-css-hash=\\"1eso9od\\">:where(.css-dev-only-do-not-override-0).box{line-height:var(--rc-line-height);border:var(--rc-border-width) solid var(--rc-border-color);color:var(--rc-box-box-color);background-color:var(--rc-primary-color);}</style><style data-ant-cssinjs-cache-path=\\"data-ant-cssinjs-cache-path\\">.data-ant-cssinjs-cache-path{content:\\"302na3|Box:1eso9od\\";}</style>"`;
